[backblue.gif]
[fade.gif]
[index.html]
[web/images/bootstrap-reboot.min.3.delayed]
[web/index.html]
[web/shops-grid.html]
[web/forget-password.html]
[web/privacy-policy.html]
[web/index-2.html]
[web/index-3.html]
[web/index-1-without-revolution.html]
[web/index-2-without-revolution.html]
[web/index-3-without-revolution.html]
[web/images/pro]
[web/menu.html]
[web/about-us.html]
[web/faqs.html]
[web/our-history.html]
[web/services.html]
[web/our-team.html]
[web/team-details.html]
[web/careers.html]
[web/deals.html]
[web/reservation.html]
[web/catering.html]
[web/shop-details.html]
[web/cart.html]
[web/wishlist.html]
[web/checkout.html]
[web/tracking-order.html]
[web/my-account.html]
[web/testimonial.html]
[web/terms-conditions.html]
[web/search-page.html]
[web/coming-soon.html]
[web/404.html]
[web/blogs-grid-without-sidebar.html]
[web/blogs-list-with-sidebar.html]
[web/blogs-3.html]
[web/blog-details.html]
[web/images/privacy-policy.12d.delayed]
[web/contact-us.html]
[web/pro.html]
[web/my-orders.html]
[web/my-addresses.html]
[web/privacy-policy-2.html]
[web/images/tab.png]
[web/images/bootstrap.min.css]
[web/bootstrap-reboot.min.html]
[web/images/animate.min.css]
[web/images/owl.video.play.png]
[web/images/owl.carousel.min.css]
[web/images/owl.theme.default.min.css]
[web/images/slick.css]
[web/images/uk.png]
[web/images/slick-theme.css]
[web/images/germany.png]
[web/images/china.png]
[web/images/jquery-ui.css]
[web/images/arab.png]
[web/images/logo.png]
[web/images/jquery.timepicker.min.css]
[web/images/header-carousel-1.png]
[web/images/header-shape-1.png]
[web/images/meanmenu.min.css]
[web/images/header-shape-2.png]
[web/images/header-shape-3.png]
[web/images/magnific-popup.min.css]
[web/images/header-shape-4.png]
[web/images/header-carousel-2.png]
[web/images/header-carousel-3.png]
[web/images/welcome-image-1.jpg]
[web/images/icofont.min.css]
[web/images/welcome-image-2.jpg]
[web/images/welcome-image-3.jpg]
[web/images/menu-1.png]
[web/images/menu-2.png]
[web/images/menu-3.png]
[web/images/menu-4.png]
[web/images/menu-5.png]
[web/images/menu-6.png]
[web/images/flaticon.css]
[web/images/burger-slider-1.png]
[web/images/burger-slider-2.png]
[web/images/burger-slider-3.png]
[web/images/revicons90c6.eot]
[web/images/burger-slider-4.png]
[web/images/revicons90c6.woff]
[web/images/revicons90c6.ttf]
[web/images/burger-slider-5.png]
[web/images/revicons90c6.svg]
[web/images/openhand.cur]
[web/images/closedhand.cur]
[web/images/pizza-slider-1.png]
[web/images/gridtile.png]
[web/images/gridtile_white.png]
[web/images/gridtile_3x3.png]
[web/images/pizza-slider-2.png]
[web/images/gridtile_3x3_white.png]
[web/images/pizza-slider-3.png]
[web/images/settings.css]
[web/images/pizza-slider-4.png]
[web/images/pizza-slider-5.png]
[web/images/layers.css]
[web/images/sandwitch-slider-1.png]
[web/images/navigation.css]
[web/images/sandwitch-slider-3.png]
[web/images/sandwitch-slider-2.png]
[web/images/sandwitch-slider-4.png]
[web/images/style.css]
[web/images/sandwitch-slider-5.png]
[web/images/responsive.css]
[web/images/shake-slider-2.png]
[web/images/shake-slider-1.png]
[web/images/shake-slider-3.png]
[web/images/theme-dark.css]
[web/shops-grid.html]
[web/images/shake-slider-4.png]
[web/images/shake-slider-5.png]
[web/images/icecream-slider-1.png]
[web/images/icecream-slider-2.png]
[web/images/icecream-slider-3.png]
[web/images/icecream-slider-4.png]
[web/images/icecream-slider-5.png]
[web/images/dessert-slider-1.png]
[web/images/dessert-slider-2.png]
[web/images/dessert-slider-3.png]
[web/images/dessert-slider-4.png]
[web/images/dessert-slider-5.png]
[web/images/special-food.png]
[web/images/arrow-1.png]
[web/images/arrow-2.png]
[web/images/arrow-3.png]
[web/images/arrow-4.png]
[web/images/arrow-5.png]
[web/images/arrow-6.png]
[web/images/combo-1.jpg]
[web/images/combo-2.jpg]
[web/images/combo-3.jpg]
[web/images/combo-4.jpg]
[web/images/mobile-shape-1.png]
[web/images/mobile-shape-2.png]
[web/images/rider.png]
[web/images/client-1.jpg]
[web/images/client-2.jpg]
[web/images/client-3.jpg]
[web/images/blog-1.jpg]
[web/images/blog-2.jpg]
[web/images/email-decode.min.js]
[web/images/product-1.png]
[web/images/jquery.min.js]
[web/images/product-2.png]
[web/images/bootstrap.bundle.min.js]
[web/images/jquery.timepicker.min.js]
[web/images/jquery-ui.js]
[web/images/jquery.magnific-popup.min.js]
[web/images/owl.carousel.min.js]
[web/images/slick.min.js]
[web/images/jquery.themepunch.revolution.min.js]
[web/images/jquery.themepunch.tools.min.js]
[web/images/revolution.extension.actions.min.js]
[web/images/revolution.extension.carousel.min.js]
[web/images/revolution.extension.layeranimation.min.js]
[web/images/revolution.extension.kenburn.min.js]
[web/images/revolution.extension.migration.min.js]
[web/images/revolution.extension.navigation.min.js]
[web/images/revolution.extension.parallax.min.js]
[web/images/revolution.extension.video.min.js]
[web/images/revolution.extension.slideanims.min.js]
[web/images/wow.min.js]
[web/images/jquery.ajaxchimp.min.js]
[web/images/form-validator.min.js]
[web/images/jquery.meanmenu.min.js]
[web/images/contact-form-script.js]
[web/images/product-3.png]
[web/images/script.js]
[web/images/product-4.png]
[web/images/product-5.png]
[web/images/product-6.png]
[web/images/blog-nav-1.jpg]
[web/images/blog-nav-4.jpg]
[web/images/blog-nav-3.jpg]
[web/images/logo-black.png]
[web/images/header-2-carousel-1.png]
[web/images/header-shape-7.png]
[web/images/header-shape-6.png]
[web/images/header-2-carousel-2.png]
[web/images/quick-item-1.png]
[web/images/quick-item-2.png]
[web/images/combo-2-1.png]
[web/images/combo-2-2.png]
[web/images/combo-2-3.png]
[web/images/combo-2-4.png]
[web/images/pizza-receipe-3.png]
[web/images/team-1.png]
[web/images/team-3.png]
[web/images/team-4.png]
[web/images/poster.png]
[web/images/team-2.png]
[web/images/gallery-lg-1.jpg]
[web/images/gallery-2.jpg]
[web/images/gallery-lg-2.jpg]
[web/images/gallery-1.jpg]
[web/images/gallery-lg-3.jpg]
[web/images/gallery-3.jpg]
[web/images/gallery-lg-4.jpg]
[web/images/gallery-lg-5.jpg]
[web/images/gallery-5.jpg]
[web/images/gallery-4.jpg]
[web/images/shape-1.png]
[web/images/shape-3.png]
[web/images/shape-2.png]
[web/images/header-3-carousel-1.png]
[web/images/jquery-jvectormap-2.0.5.css]
[web/images/header-3-carousel-2.png]
[web/images/header-3-carousel-3.png]
[web/images/header-shape-8.png]
[web/images/build-burger.png]
[web/images/shape-4.png]
[web/images/team-two-1.jpg]
[web/images/team-two-3.jpg]
[web/images/team-two-2.jpg]
[web/images/master-card.png]
[web/images/visa.png]
[web/images/american-express.png]
[web/images/discover.png]
[web/images/jquery-jvectormap-2.0.5.min.js]
[web/images/jquery-jvectormap-world-mill.js]
[web/images/header-shape-5.png]
[web/images/burger-receipe-1.png]
[web/images/burger-receipe-2.png]
[web/images/burger-receipe-3.png]
[web/images/burger-receipe-4.png]
[web/images/burger-receipe-5.png]
[web/images/burger-receipe-6.png]
[web/images/burger-receipe-7.png]
[web/images/burger-receipe-9.png]
[web/images/burger-receipe-8.png]
[web/images/sandwitch-receipe-1.png]
[web/images/sandwitch-receipe-2.png]
[web/images/sandwitch-receipe-3.png]
[web/images/sandwitch-receipe-5.png]
[web/images/sandwitch-receipe-4.png]
[web/images/sandwitch-receipe-6.png]
[web/images/sandwitch-receipe-7.png]
[web/images/sandwitch-receipe-8.png]
[web/images/shake-receipe-1.png]
[web/images/sandwitch-receipe-9.png]
[web/images/shake-receipe-2.png]
[web/images/shake-receipe-3.png]
[web/images/shake-receipe-4.png]
[web/images/shake-receipe-5.png]
[web/images/shake-receipe-6.png]
[web/images/shake-receipe-7.png]
[web/images/shake-receipe-8.png]
[web/images/shake-receipe-9.png]
[web/images/icecream-receipe-1.png]
[web/images/icecream-receipe-2.png]
[web/images/icecream-receipe-3.png]
[web/images/icecream-receipe-4.png]
[web/images/icecream-receipe-5.png]
[web/images/icecream-receipe-7.png]
[web/images/icecream-receipe-6.png]
[web/images/icecream-receipe-8.png]
[web/images/icecream-receipe-9.png]
[web/images/dessert-receipe-1.png]
[web/images/dessert-receipe-2.png]
[web/images/dessert-receipe-3.png]
[web/images/dessert-receipe-4.png]
[web/images/dessert-receipe-5.png]
[web/images/dessert-receipe-6.png]
[web/images/dessert-receipe-7.png]
[web/images/dessert-receipe-8.png]
[web/images/dessert-receipe-9.png]
[web/images/history-1.jpg]
[web/images/history-2.png]
[web/images/history-3.jpg]
[web/images/team-lg-1.png]
[web/images/team-lg-2.png]
[web/images/team-lg-3.png]
[web/images/team-lg-4.png]
[web/images/team-lg-5.png]
[web/images/team-lg-6.png]
[web/images/team-lg-8.png]
[web/images/team-lg-9.png]
[web/images/team-details-figure.jpg]
[web/images/quick-item-3.png]
[web/images/quick-item-4.png]
[web/images/catering-1.jpg]
[web/images/catering-2.jpg]
[web/images/catering-3.jpg]
[web/images/product-7.png]
[web/images/tracking-order.png]
[web/images/comment-1.jpg]
[web/images/blog-lg-2.jpg]
[web/images/blog-lg-1.jpg]
[web/images/blog-nav-2.jpg]
[web/images/404.png]
[web/images/blog-3.jpg]
[web/images/blog-4.jpg]
[web/images/blog-5.jpg]
[web/images/blog-6.jpg]
[web/images/blog-lg-3.jpg]
[web/images/blog-long-1.jpg]
[web/images/blog-long-2.jpg]
[web/images/blog-long-3.jpg]
[web/images/blog-details.jpg]
[web/images/blog-grid-1.jpg]
[web/images/blog-grid-2.jpg]
[web/images/comment-2.jpg]
[web/images/blog-author.png]
[web/images/slick.eot]
[web/images/ajax-loader.gif]
[web/images/slick.woff]
[web/images/slick.ttf]
[web/images/slickd41d.eot]
[web/images/slick.svg]
[web/images/icofont.woff2]
[web/images/icofont.woff]
[web/images/flaticond41d.eot]
[web/images/flaticon.eot]
[web/images/flaticon.woff2]
[web/images/flaticon.woff]
[web/images/flaticon.ttf]
[web/images/coloredbg.png]
[web/images/flaticon.svg]
[web/images/loader.gif]
[web/images/bg-overlay-1.png]
[web/images/bg-overlay-4.png]
[web/images/bg-overlay-5.png]
[web/images/bg-overlay-2.jpg]
[web/images/wood-shape.jpg]
[web/images/black-skew-bg.png]
[web/images/building-shape.png]
[web/images/mural-shape-bg.png]
[web/images/menu-ver-dots.png]
[web/images/bg-1.jpg]
[web/images/header-leaf-bg.png]
[web/images/bg-2.jpg]
[web/images/header-2-shadow.png]
[web/images/text-shape.png]
[web/images/header-three-bg.png]
[web/images/menu-bg-overlay.jpg]
[web/images/menu-bg-leaves-2.png]
[web/images/food-menu-dots.png]
[web/images/menu-item-shadow.png]
[web/images/step-bg.png]
[web/images/offer-shape-red.png]
[web/images/offer-shape-yellow.png]
[web/images/road-shadow.png]
[web/images/video-bg.jpg]
[web/images/quick-bg-mural.png]
[web/images/team-overlay.png]
[web/images/small-bg.png]
[web/images/reservation-bg.jpg]
[web/images/plus.png]
[web/images/offer-shape-white.png]
[web/images/coming-soon.jpg]
[web/images/night.png]
[web/images/sunny.png]
